    1  00  00      ; Y:= P(S) - P(T) +P2(S-T) - P3(1) ,         ╨│╨┤╨╡ P(x)=ax2- bx+16;
    2  00  40      in 0
    3  01  18  07  stor a,S
    4  03  41      in 1
    5  04  18  08  stor a,T
    6  06  f8      stop
    8  07  00      S: .ds 1
    9  08  00      T: .ds 1
   11  09  00      ; ╨╛╨▒╤Й╨░╤П ╨┐╨░╨╝╤П╤В╤М
   12  09  00      X: .ds 1
   13  0a  00      Y: .ds 1
   15  0b  00      ; ╨▓╤Л╤З╨╕╤Б╨╗╨╡╨╜╨╕╨╡ ╨╖╨╜╨░╤З╨╡╨╜╨╕╤П ╨▓╤Л╤А╨░╨╢╨╡╨╜╨╕╤П ax^2 - bx + 16
   16  0b  00      ; (╨░╤А╨│╤Г╨╝╨╡╨╜╤В╤Л) X, (╤А╨╡╨╖╤Г╨╗╤М╤В╨░╤В) Y; a ╨╕ b ╨▓ ╨▓╤Л╤А╨░╨╢╨╡╨╜╨╕╨╕ 

    ***** Таблица перекрестных ссылок *****
  имя     определение     ссылки

 Y        a                                                                    
 X        9                                                                    
 T        8               5                                                    
 S        7               2                                                    

  **** Не обнаружено ошибок. Успешное завершение ****

