    1  00  40      in 0
    2  01  18  10  stor a,A
    3  03  41      in 1
    4  04  18  11  stor a,B
    6  06  31  05  mvi b,5
    7  08  19  12  stor b,X
    8  0a  c0  14  call HYPER
    9  0c  10  13  load a,Y
   10  0e  4a      out 2
   12  0f  f8      stop
   14  10  00      A: .ds 1
   15  11  00      B: .ds 1
   16  12  00      X: .ds 1
   17  13  00      Y: .ds 1
   19  14  21      HYPER: push b
   20  15  20      push a
   22  16  11  11  load b,B
   23  18  90  01  mui a,1        
   24  1a  88  12  mum a,X        
   25  1c  21      push b        
   26  1d  11  12  load b,X
   27  1f  90  01  mui a,1        
   28  21  88  12  mum a,X
   29  23  88  10  mum a,A 
   30  25  75  81  sbm b,1(sp)        
   31  27  61  10  adi b,10
   32  29  19  13  stor b,Y
   33  2b  28      pop a
   35  2c  28      pop a
   36  2d  29      pop b
   37  2e  c8      ret

    ***** Таблица перекрестных ссылок *****
  имя     определение     ссылки

 Y        13              2a  d                                                
 X        12              22  1e  1b  9                                        
 HYPER    14              b                                                    
 B        11              17  5                                                
 A        10              24  2                                                

  **** Не обнаружено ошибок. Успешное завершение ****

