    1  00  40      in 0
    2  01  18  37  stor a,S
    3  03  41      in 1
    4  04  18  38  stor a,T
    5  06  42      in 2
    6  07  18  39  stor a,A
    7  09  43      in 3
    8  0a  18  3a  stor a,B 
   10  0c  20      push a
   11  0d  10  37  load a,S
   12  0f  20      push a
   13  10  c0  3b  call hyper
   14  12  10  38  load a,T
   15  14  20      push a
   16  15  c0  3b  call hyper
   17  17  10  37  load a,S
   18  19  70  38  sbm a,T
   19  1b  20      push a
   20  1c  c0  3b  call hyper
   21  1e  29      pop b
   22  1f  29      pop b
   23  20  81      mur a,b
   24  21  21      push b
   25  22  21      push b
   26  23  31  01  mvi b,1
   27  25  21      push b
   28  26  c0  3b  call hyper
   29  28  29      pop b
   30  29  15  81  load b,1(sp)
   31  2b  81      mur a,b
   32  2c  8c  81  mum a,1(sp)
   33  2e  28      pop a
   34  2f  28      pop a
   35  30  69      sbr a,b
   36  31  29      pop b
   37  32  69      sbr a,b
   38  33  29      pop b
   39  34  51      adr a,b        
   40  35  4c      out 4
   42  36  f8      stop
   44  37  00      S: .ds 1
   45  38  00      T: .ds 1
   46  39  00      A: .ds 1
   47  3a  00      B: .ds 1
   49  3b  00      ; rb ra x y
   50  3b  00      ; bx rb ra x y
   52  3b  20      hyper: push a
   53  3c  21      push b
   55  3d  11  3a  load b,B
   56  3f  8c  84  mum a,4(sp)
   57  41  21      push b
   58  42  15  85  load b,5(sp)
   59  44  8c  85  mum a,5(sp)
   60  46  88  39  mum a,A
   61  48  75  81  sbm b,1(sp)
   62  4a  61  10  adi b,10
   63  4c  28      pop a
   64  4d  1d  85  stor b,5(sp)
   66  4f  29      pop b
   67  50  28      pop a
   68  51  c8      ret

    ***** Таблица перекрестных ссылок *****
  имя     определение     ссылки

 T        38              1a  13  5                                            
 S        37              18  e   2                                            
 HYPER    3b              27  1d  16  11                                       
 B        3a              3e  b                                                
 A        39              47  8                                                

  **** Не обнаружено ошибок. Успешное завершение ****

