    1  00  b8  22  jmp begin
    2  02  00      .org 10
    3  10  00  00  MA: .ds 10
           00  00
           00  00
           00  00
           00  00
           00  00
           00  00
           00  00
    4  20  00      N: .ds 1
    5  21  00      F: .ds 1
    6  22  40      begin: in 0
    7  23  18  20  stor a,N
    8  25  31  00  mvi b,0
    9  27  20      geta: push a
   10  28  41      in 1
   11  29  1c  50  stor a,MA(b)
   12  2b  61  01  adi b,1
   13  2d  28      pop a
   14  2e  e0  27  loop a,geta
   15  30  31  00  mvi b,0
   16  32  14  50  load a,MA(b)
   17  34  18  21  stor a,F
   18  36  10  20  load a,N
   19  38  78  01  sbi a,1
   20  3a  61  01  adi b,1
   21  3c  20      calc: push a
   22  3d  21      push b
   23  3e  10  21  load a,F
   24  40  15  50  load b,MA(b)
   25  42  a9      cmr a,b
   26  43  bf  47  jnp less
   27  45  11  21  load b,F
   28  47  29      less: pop b
   29  48  61  01  adi b,1
   30  4a  28      pop a
   31  4b  e0  3c  loop a,calc
   32  4d  10  21  load a,F
   33  4f  4a      out 2
   34  50  f8      stop

    ***** Таблица перекрестных ссылок *****
  имя     определение     ссылки

 N        20              37  24                                               
 MA       10              41  33  2a                                           
 LESS     47              44                                                   
 GETA     27              2f                                                   
 F        21              4e  46  3f  35                                       
 CALC     3c              4c                                                   
 BEGIN    22              1                                                    

  **** Не обнаружено ошибок. Успешное завершение ****

