    1  00  b8  63  jmp begin
    2  02  00      .org 10
    3  10  00  00  MA: .ds 08
           00  00
           00  00
           00  00
    4  18  00      .org 20
    5  20  00  00  MB: .ds 40
           00  00
           00  00
           00  00
           00  00
           00  00
           00  00
           00  00
           00  00
           00  00
           00  00
           00  00
           00  00
           00  00
           00  00
           00  00
           00  00
           00  00
           00  00
           00  00
           00  00
           00  00
           00  00
           00  00
           00  00
           00  00
           00  00
           00  00
           00  00
           00  00
           00  00
           00  00
    6  60  00      N: .ds 1
    7  61  00      CURR: .ds 1
    8  62  00      LAST: .ds 1
    9  63  40      begin: in 0
   10  64  18  60  stor a,N
   11  66  31  00  mvi b,0
   12  68  20      geta: push a
   13  69  41      in 1
   14  6a  1c  50  stor a,MA(b)
   15  6c  61  01  adi b,01
   16  6e  28      pop a
   17  6f  e0  68  loop a,geta
   19  71  10  60  load a,N
   21  73  20      cycl1: push a
   22  74  11  60  load b,N
   23  76  6a      sbr b,a
   24  77  15  50  load b,MA(b)
   25  79  19  61  stor b,CURR
   26  7b  10  62  load a,LAST
   27  7d  1d  20  stor b,MB(a)
   28  7f  60  01  adi a,1
   29  81  18  62  stor a,LAST
   30  83  10  60  load a,N
   31  85  78  01  sbi a,1
   33  87  20      cycl2: push a
   34  88  10  62  load a,LAST
   35  8a  59  61  adm b,CURR
   36  8c  1d  20  stor b,MB(a)
   37  8e  60  01  adi a,1
   38  90  18  62  stor a,LAST
   39  92  28      pop a
   40  93  e0  87  loop a,cycl2
   42  95  28      pop a
   43  96  e0  73  loop a,cycl1
   45  98  f8      stop

    ***** Таблица перекрестных ссылок *****
  имя     определение     ссылки

 N        60              84  75  72  65                                       
 MB       20              8d  7e                                               
 MA       10              78  6b                                               
 LAST     62              91  89  82  7c                                       
 GETA     68              70                                                   
 CYCL2    87              94                                                   
 CYCL1    73              97                                                   
 CURR     61              8b  7a                                               
 BEGIN    63              1                                                    

  **** Не обнаружено ошибок. Успешное завершение ****

