    1  00  00      .base b
    2  00  31  00  start: mvi b,start
    4  02  40      in 0
    5  03  1c  61  stor a,A
    6  05  41      in 1
    7  06  1c  62  stor a,B
    8  08  42      in 2
    9  09  1c  63  stor a,C
   10  0b  43      in 3
   11  0c  1c  64  stor a,D
   13  0e  21      push b
   14  0f  20      push a
   15  10  14  61  load a,A
   16  12  5c  62  adm a,B
   17  14  74  63  sbm a,C        ; A+B-C
   18  16  38      xchg
   19  17  90  01  mui a,1
   20  19  81      mur a,b        ; (A+B-C)^2
   21  1a  8c  81  mum a,1(sp)        ; (A+B-C)^2 * D
   22  1c  38      xchg
   23  1d  4c      out 4
   24  1e  29      pop b
   25  1f  29      pop b
   27  20  f8      stop
   28  21  00      A: .ds 1
   29  22  00      B: .ds 1
   30  23  00      C: .ds 1
   31  24  00      D: .ds 1

    ***** Таблица перекрестных ссылок *****
  имя     определение     ссылки

 START    0               1                                                    
 D        24              d                                                    
 C        23              15  a                                                
 B        22              13  7                                                
 A        21              11  4                                                

  **** Не обнаружено ошибок. Успешное завершение ****

