    1  00  40      in 0
    2  01  18  26  stor a,A
    3  03  41      in 1
    4  04  18  27  stor a,N
    5  06  b0  00  cmi a,0
    6  08  bd  0e  jnn POS
    7  0a  79  01  sbi b,1
    8  0c  b8  10  jmp PRE
    9  0e  61  01  POS: adi b,1
   10  10  19  28  PRE: stor b,F
   11  12  90  00  mui a,0
   12  14  11  27  load b,N
   13  16  88  28  mum a,F
   14  18  38      xchg
   15  19  78  01  CYCL: sbi a,1
   16  1b  b9  21  jn END
   17  1d  59  26  adm b,A
   18  1f  b8  19  jmp CYCL
   19  21  88  28  END: mum a,F
   20  23  38      xchg
   21  24  4a      out 2
   22  25  f8      stop
   23  26  00      A: .ds 1
   24  27  00      N: .ds 1
   25  28  00      F: .ds 1

    ***** Таблица перекрестных ссылок *****
  имя     определение     ссылки

 PRE      10              d                                                    
 POS      e               9                                                    
 N        27              15  5                                                
 F        28              22  17  11                                           
 END      21              1c                                                   
 CYCL     19              20                                                   
 A        26              1e  2                                                

  **** Не обнаружено ошибок. Успешное завершение ****

