    1  00  40      in 0
    2  01  18  24  stor a,A
    3  03  41      in 1
    4  04  18  25  stor a,N
    6  06  b0  00  cmi a,0
    7  08  bd  0e  jnn POS
    8  0a  79  01  sbi b,1
    9  0c  b8  10  jmp PRE
   10  0e  61  01  POS: adi b,1
   11  10  19  26  PRE: stor b,F
   12  12  90  00  mui a,0
   13  14  11  25  load b,N
   14  16  88  26  mum a,F
   15  18  38      xchg
   17  19  59  24  CYCL: adm b,A
   18  1b  78  01  sbi a,1
   19  1d  bb  19  jp CYCL
   21  1f  88  26  END: mum a,F
   22  21  38      xchg
   23  22  4a      out 2
   25  23  f8      stop
   26  24  00      A: .ds 1
   27  25  00      N: .ds 1
   28  26  00      F: .ds 1

    ***** Таблица перекрестных ссылок *****
  имя     определение     ссылки

 PRE      10              d                                                    
 POS      e               9                                                    
 N        25              15  5                                                
 F        26              20  17  11                                           
 END      1f                                                                   
 CYCL     19              1e                                                   
 A        24              1a  2                                                

  **** Не обнаружено ошибок. Успешное завершение ****

